test/Spec/DeriveGeneric/DeriveGeneric.hs:11: $fFromJsonT
