test/Spec/StandaloneDeriving/StandaloneDeriving.hs:4: A
test/Spec/StandaloneDeriving/StandaloneDeriving.hs:6: (Instance) :: Show A
