main: test/Spec/TypeFamilies/TypeFamilies.hs:18:1: UnusedFamily
